[debian-handbook.info/browse/stable/index.html]
[backblue.gif]
[fade.gif]
[index.html]
[debian-handbook.info/browse/stable/preface.html]
[debian-handbook.info/browse/stable/Common_Content/images/image_left.png]
[debian-handbook.info/browse/stable/Common_Content/images/image_right.png]
[debian-handbook.info/browse/stable/foreword.html]
[debian-handbook.info/browse/stable/index-2.html]
[debian-handbook.info/browse/stable/sect.who-is-this-book-for.html]
[debian-handbook.info/browse/stable/sect.selected-approach.html]
[debian-handbook.info/browse/stable/sect.book-structure.html]
[debian-handbook.info/browse/stable/sect.acknowledgments.html]
[debian-handbook.info/browse/stable/the-debian-project.html]
[debian-handbook.info/browse/stable/sect.foundation-documents.html]
[debian-handbook.info/browse/stable/sect.debian-internals.html]
[debian-handbook.info/browse/stable/sect.follow-debian-news.html]
[debian-handbook.info/browse/stable/sect.role-of-distributions.html]
[debian-handbook.info/browse/stable/sect.release-lifecycle.html]
[debian-handbook.info/browse/stable/case-study.html]
[debian-handbook.info/browse/stable/sect.master-plan.html]
[debian-handbook.info/browse/stable/sect.why-gnu-linux.html]
[debian-handbook.info/browse/stable/sect.why-debian.html]
[debian-handbook.info/browse/stable/sect.why-debian-stable.html]
[debian-handbook.info/browse/stable/existing-setup.html]
[debian-handbook.info/browse/stable/sect.how-to-migrate.html]
[debian-handbook.info/browse/stable/installation.html]
[debian-handbook.info/browse/stable/sect.installation-steps.html]
[debian-handbook.info/browse/stable/sect.after-first-boot.html]
[debian-handbook.info/browse/stable/packaging-system.html]
[debian-handbook.info/browse/stable/sect.package-meta-information.html]
[debian-handbook.info/browse/stable/sect.source-package-structure.html]
[debian-handbook.info/browse/stable/sect.manipulating-packages-with-dpkg.html]
[debian-handbook.info/browse/stable/sect.coexistence-with-other-packaging-systems.html]
[debian-handbook.info/browse/stable/apt.html]
[debian-handbook.info/browse/stable/sect.apt-get.html]
[debian-handbook.info/browse/stable/sect.apt-cache.html]
[debian-handbook.info/browse/stable/sect.apt-frontends.html]
[debian-handbook.info/browse/stable/sect.package-authentication.html]
[debian-handbook.info/browse/stable/sect.dist-upgrade.html]
[debian-handbook.info/browse/stable/sect.regular-upgrades.html]
[debian-handbook.info/browse/stable/sect.automatic-upgrades.html]
[debian-handbook.info/browse/stable/sect.searching-packages.html]
[debian-handbook.info/browse/stable/solving-problems.html]
[debian-handbook.info/browse/stable/sect.common-procedures.html]
[debian-handbook.info/browse/stable/basic-configuration.html]
[debian-handbook.info/browse/stable/sect.network-config.html]
[debian-handbook.info/browse/stable/sect.hostname-name-service.html]
[debian-handbook.info/browse/stable/sect.user-group-databases.html]
[debian-handbook.info/browse/stable/sect.creating-accounts.html]
[debian-handbook.info/browse/stable/sect.shell-environment.html]
[debian-handbook.info/browse/stable/sect.config-printing.html]
[debian-handbook.info/browse/stable/sect.config-bootloader.html]
[debian-handbook.info/browse/stable/sect.config-misc.html]
[debian-handbook.info/browse/stable/sect.kernel-compilation.html]
[debian-handbook.info/browse/stable/sect.kernel-installation.html]
[debian-handbook.info/browse/stable/unix-services.html]
[debian-handbook.info/browse/stable/sect.remote-login.html]
[debian-handbook.info/browse/stable/sect.rights-management.html]
[debian-handbook.info/browse/stable/sect.administration-interfaces.html]
[debian-handbook.info/browse/stable/sect.syslog.html]
[debian-handbook.info/browse/stable/sect.inetd.html]
[debian-handbook.info/browse/stable/sect.task-scheduling-cron-atd.html]
[debian-handbook.info/browse/stable/sect.asynchronous-task-scheduling-anacron.html]
[debian-handbook.info/browse/stable/sect.quotas.html]
[debian-handbook.info/browse/stable/sect.backup.html]
[debian-handbook.info/browse/stable/sect.hotplug.html]
[debian-handbook.info/browse/stable/sect.power-management.html]
[debian-handbook.info/browse/stable/network-infrastructure.html]
[debian-handbook.info/browse/stable/sect.virtual-private-network.html]
[debian-handbook.info/browse/stable/sect.quality-of-service.html]
[debian-handbook.info/browse/stable/sect.dynamic-routing.html]
[debian-handbook.info/browse/stable/sect.ipv6.html]
[debian-handbook.info/browse/stable/sect.domain-name-servers.html]
[debian-handbook.info/browse/stable/sect.dhcp.html]
[debian-handbook.info/browse/stable/sect.network-diagnosis-tools.html]
[debian-handbook.info/browse/stable/network-services.html]
[debian-handbook.info/browse/stable/sect.http-web-server.html]
[debian-handbook.info/browse/stable/sect.ftp-file-server.html]
[debian-handbook.info/browse/stable/sect.nfs-file-server.html]
[debian-handbook.info/browse/stable/sect.windows-file-server-with-samba.html]
[debian-handbook.info/browse/stable/sect.http-ftp-proxy.html]
[debian-handbook.info/browse/stable/sect.ldap-directory.html]
[debian-handbook.info/browse/stable/sect.rtc-services.html]
[debian-handbook.info/browse/stable/advanced-administration.html]
[debian-handbook.info/browse/stable/sect.virtualization.html]
[debian-handbook.info/browse/stable/sect.automated-installation.html]
[debian-handbook.info/browse/stable/sect.monitoring.html]
[debian-handbook.info/browse/stable/workstation.html]
[debian-handbook.info/browse/stable/sect.customizing-graphical-interface.html]
[debian-handbook.info/browse/stable/sect.graphical-desktops.html]
[debian-handbook.info/browse/stable/sect.main-desktop-tools.html]
[debian-handbook.info/browse/stable/sect.web-browsers.html]
[debian-handbook.info/browse/stable/sect.development.html]
[debian-handbook.info/browse/stable/sect.collaborative-work.html]
[debian-handbook.info/browse/stable/sect.office-suites.html]
[debian-handbook.info/browse/stable/sect.windows-emulation.html]
[debian-handbook.info/browse/stable/sect.rtc-clients.html]
[debian-handbook.info/browse/stable/security.html]
[debian-handbook.info/browse/stable/sect.firewall-packet-filtering.html]
[debian-handbook.info/browse/stable/sect.supervision.html]
[debian-handbook.info/browse/stable/sect.apparmor.html]
[debian-handbook.info/browse/stable/sect.selinux.html]
[debian-handbook.info/browse/stable/sect.other-security-considerations.html]
[debian-handbook.info/browse/stable/sect.dealing-with-compromised-machine.html]
[debian-handbook.info/browse/stable/debian-packaging.html]
[debian-handbook.info/browse/stable/sect.building-first-package.html]
[debian-handbook.info/browse/stable/sect.setup-apt-package-repository.html]
[debian-handbook.info/browse/stable/sect.becoming-package-maintainer.html]
[debian-handbook.info/browse/stable/conclusion.html]
[debian-handbook.info/browse/stable/sect.future-of-debian.html]
[debian-handbook.info/browse/stable/sect.future-of-this-book.html]
[debian-handbook.info/browse/stable/derivative-distributions.html]
[debian-handbook.info/browse/stable/sect.ubuntu.html]
[debian-handbook.info/browse/stable/sect.linux-mint.html]
[debian-handbook.info/browse/stable/sect.knoppix.html]
[debian-handbook.info/browse/stable/sect.aptosid.html]
[debian-handbook.info/browse/stable/sect.grml.html]
[debian-handbook.info/browse/stable/sect.tails.html]
[debian-handbook.info/browse/stable/sect.kali.html]
[debian-handbook.info/browse/stable/sect.devuan.html]
[debian-handbook.info/browse/stable/sect.tanglu.html]
[debian-handbook.info/browse/stable/sect.doudoulinux.html]
[debian-handbook.info/browse/stable/sect.raspbian.html]
[debian-handbook.info/browse/stable/sect.other-derivatives.html]
[debian-handbook.info/browse/stable/short-remedial-course.html]
[debian-handbook.info/browse/stable/sect.filesystem-hierarchy.html]
[debian-handbook.info/browse/stable/sect.computer-layers.html]
[debian-handbook.info/browse/stable/sect.kernel-role-and-tasks.html]
[debian-handbook.info/browse/stable/index.html]
[debian-handbook.info/browse/stable/sect.user-space.html]
[debian-handbook.info/browse/stable/Common_Content/css/default.css]
[debian-handbook.info/browse/stable/Common_Content/css/print.css]
[debian-handbook.info/browse/stable/preface.html]
[debian-handbook.info/browse/stable/index-2.html]
[debian-handbook.info/browse/stable/foreword.html]
[debian-handbook.info/browse/stable/sect.who-is-this-book-for.html]
[debian-handbook.info/browse/stable/sect.selected-approach.html]
[debian-handbook.info/browse/stable/sect.book-structure.html]
[debian-handbook.info/browse/stable/sect.acknowledgments.html]
[debian-handbook.info/browse/stable/the-debian-project.html]
[debian-handbook.info/browse/stable/sect.foundation-documents.html]
[debian-handbook.info/browse/stable/images/developers-map.png]
[debian-handbook.info/browse/stable/sect.debian-internals.html]
[debian-handbook.info/browse/stable/sect.follow-debian-news.html]
[debian-handbook.info/browse/stable/sect.role-of-distributions.html]
[debian-handbook.info/browse/stable/images/autobuilder.png]
[debian-handbook.info/browse/stable/images/release-cycle.png]
[debian-handbook.info/browse/stable/images/package-lifecycle.png]
[debian-handbook.info/browse/stable/sect.release-lifecycle.html]
[debian-handbook.info/browse/stable/case-study.html]
[debian-handbook.info/browse/stable/images/case-study.png]
[debian-handbook.info/browse/stable/sect.master-plan.html]
[debian-handbook.info/browse/stable/sect.why-gnu-linux.html]
[debian-handbook.info/browse/stable/sect.why-debian.html]
[debian-handbook.info/browse/stable/sect.why-debian-stable.html]
[debian-handbook.info/browse/stable/images/existing-setup-1.png]
[debian-handbook.info/browse/stable/existing-setup.html]
[debian-handbook.info/browse/stable/images/existing-setup-2.png]
[debian-handbook.info/browse/stable/images/existing-setup-4.png]
[debian-handbook.info/browse/stable/sect.how-to-migrate.html]
[debian-handbook.info/browse/stable/installation.html]
[debian-handbook.info/browse/stable/images/inst-boot.png]
[debian-handbook.info/browse/stable/images/inst-lang.png]
[debian-handbook.info/browse/stable/images/inst-lang-txt.png]
[debian-handbook.info/browse/stable/images/inst-country.png]
[debian-handbook.info/browse/stable/images/inst-country-txt.png]
[debian-handbook.info/browse/stable/images/inst-keyboard.png]
[debian-handbook.info/browse/stable/images/inst-keyboard-txt.png]
[debian-handbook.info/browse/stable/images/inst-rootpw.png]
[debian-handbook.info/browse/stable/images/inst-username.png]
[debian-handbook.info/browse/stable/images/inst-partman.png]
[debian-handbook.info/browse/stable/images/inst-partman-disk.png]
[debian-handbook.info/browse/stable/images/inst-autopartman-mode.png]
[debian-handbook.info/browse/stable/images/inst-partman-validation.png]
[debian-handbook.info/browse/stable/images/inst-basesystem.png]
[debian-handbook.info/browse/stable/images/inst-mirror.png]
[debian-handbook.info/browse/stable/images/inst-tasksel.png]
[debian-handbook.info/browse/stable/sect.installation-steps.html]
[debian-handbook.info/browse/stable/images/inst-gdm.png]
[debian-handbook.info/browse/stable/sect.after-first-boot.html]
[debian-handbook.info/browse/stable/packaging-system.html]
[debian-handbook.info/browse/stable/images/virtual-package.png]
[debian-handbook.info/browse/stable/sect.package-meta-information.html]
[debian-handbook.info/browse/stable/sect.source-package-structure.html]
[debian-handbook.info/browse/stable/sect.manipulating-packages-with-dpkg.html]
[debian-handbook.info/browse/stable/sect.coexistence-with-other-packaging-systems.html]
[debian-handbook.info/browse/stable/apt.html]
[debian-handbook.info/browse/stable/sect.apt-get.html]
[debian-handbook.info/browse/stable/sect.apt-cache.html]
[debian-handbook.info/browse/stable/images/aptitude.png]
[debian-handbook.info/browse/stable/images/synaptic.png]
[debian-handbook.info/browse/stable/sect.apt-frontends.html]
[debian-handbook.info/browse/stable/sect.package-authentication.html]
[debian-handbook.info/browse/stable/sect.dist-upgrade.html]
[debian-handbook.info/browse/stable/images/gnome-packagekit.png]
[debian-handbook.info/browse/stable/sect.regular-upgrades.html]
[debian-handbook.info/browse/stable/sect.automatic-upgrades.html]
[debian-handbook.info/browse/stable/sect.searching-packages.html]
[debian-handbook.info/browse/stable/solving-problems.html]
[debian-handbook.info/browse/stable/sect.common-procedures.html]
[debian-handbook.info/browse/stable/basic-configuration.html]
[debian-handbook.info/browse/stable/sect.network-config.html]
[debian-handbook.info/browse/stable/sect.hostname-name-service.html]
[debian-handbook.info/browse/stable/sect.user-group-databases.html]
[debian-handbook.info/browse/stable/sect.creating-accounts.html]
[debian-handbook.info/browse/stable/sect.shell-environment.html]
[debian-handbook.info/browse/stable/sect.config-printing.html]
[debian-handbook.info/browse/stable/sect.config-bootloader.html]
[debian-handbook.info/browse/stable/sect.config-misc.html]
[debian-handbook.info/browse/stable/sect.kernel-compilation.html]
[debian-handbook.info/browse/stable/sect.kernel-installation.html]
[debian-handbook.info/browse/stable/images/startup-systemd.png]
[debian-handbook.info/browse/stable/images/startup-sysvinit.png]
[debian-handbook.info/browse/stable/unix-services.html]
[debian-handbook.info/browse/stable/images/ssh-L.png]
[debian-handbook.info/browse/stable/images/ssh-R.png]
[debian-handbook.info/browse/stable/sect.remote-login.html]
[debian-handbook.info/browse/stable/sect.rights-management.html]
[debian-handbook.info/browse/stable/sect.administration-interfaces.html]
[debian-handbook.info/browse/stable/sect.syslog.html]
[debian-handbook.info/browse/stable/sect.inetd.html]
[debian-handbook.info/browse/stable/sect.task-scheduling-cron-atd.html]
[debian-handbook.info/browse/stable/sect.asynchronous-task-scheduling-anacron.html]
[debian-handbook.info/browse/stable/sect.quotas.html]
[debian-handbook.info/browse/stable/sect.backup.html]
[debian-handbook.info/browse/stable/sect.hotplug.html]
[debian-handbook.info/browse/stable/sect.power-management.html]
[debian-handbook.info/browse/stable/network-infrastructure.html]
[debian-handbook.info/browse/stable/sect.virtual-private-network.html]
[debian-handbook.info/browse/stable/sect.quality-of-service.html]
[debian-handbook.info/browse/stable/sect.dynamic-routing.html]
[debian-handbook.info/browse/stable/sect.ipv6.html]
[debian-handbook.info/browse/stable/sect.domain-name-servers.html]
[debian-handbook.info/browse/stable/sect.dhcp.html]
[debian-handbook.info/browse/stable/sect.network-diagnosis-tools.html]
[debian-handbook.info/browse/stable/images/wireshark.png]
[debian-handbook.info/browse/stable/images/mail-server.png]
[debian-handbook.info/browse/stable/network-services.html]
[debian-handbook.info/browse/stable/sect.http-web-server.html]
[debian-handbook.info/browse/stable/sect.ftp-file-server.html]
[debian-handbook.info/browse/stable/sect.nfs-file-server.html]
[debian-handbook.info/browse/stable/Common_Content/images/1.png]
[debian-handbook.info/browse/stable/Common_Content/images/2.png]
[debian-handbook.info/browse/stable/sect.windows-file-server-with-samba.html]
[debian-handbook.info/browse/stable/sect.http-ftp-proxy.html]
[debian-handbook.info/browse/stable/sect.ldap-directory.html]
[debian-handbook.info/browse/stable/sect.rtc-services.html]
[debian-handbook.info/browse/stable/advanced-administration.html]
[debian-handbook.info/browse/stable/Common_Content/images/3.png]
[debian-handbook.info/browse/stable/Common_Content/images/4.png]
[debian-handbook.info/browse/stable/Common_Content/images/5.png]
[debian-handbook.info/browse/stable/Common_Content/images/6.png]
[debian-handbook.info/browse/stable/Common_Content/images/7.png]
[debian-handbook.info/browse/stable/Common_Content/images/8.png]
[debian-handbook.info/browse/stable/Common_Content/images/9.png]
[debian-handbook.info/browse/stable/sect.virtualization.html]
[debian-handbook.info/browse/stable/sect.automated-installation.html]
[debian-handbook.info/browse/stable/sect.monitoring.html]
[debian-handbook.info/browse/stable/workstation.html]
[debian-handbook.info/browse/stable/sect.customizing-graphical-interface.html]
[debian-handbook.info/browse/stable/images/gnome.png]
[debian-handbook.info/browse/stable/images/kde.png]
[debian-handbook.info/browse/stable/images/xfce.png]
[debian-handbook.info/browse/stable/sect.graphical-desktops.html]
[debian-handbook.info/browse/stable/images/evolution.png]
[debian-handbook.info/browse/stable/images/kmail.png]
[debian-handbook.info/browse/stable/images/icedove.png]
[debian-handbook.info/browse/stable/sect.main-desktop-tools.html]
[debian-handbook.info/browse/stable/images/iceweasel.png]
[debian-handbook.info/browse/stable/sect.web-browsers.html]
[debian-handbook.info/browse/stable/sect.development.html]
[debian-handbook.info/browse/stable/sect.collaborative-work.html]
[debian-handbook.info/browse/stable/sect.office-suites.html]
[debian-handbook.info/browse/stable/sect.windows-emulation.html]
[debian-handbook.info/browse/stable/sect.rtc-clients.html]
[debian-handbook.info/browse/stable/security.html]
[debian-handbook.info/browse/stable/images/netfilter.png]
[debian-handbook.info/browse/stable/images/fwbuilder.png]
[debian-handbook.info/browse/stable/sect.firewall-packet-filtering.html]
[debian-handbook.info/browse/stable/sect.supervision.html]
[debian-handbook.info/browse/stable/sect.apparmor.html]
[debian-handbook.info/browse/stable/images/selinux-context.png]
[debian-handbook.info/browse/stable/sect.selinux.html]
[debian-handbook.info/browse/stable/sect.other-security-considerations.html]
[debian-handbook.info/browse/stable/sect.dealing-with-compromised-machine.html]
[debian-handbook.info/browse/stable/debian-packaging.html]
[debian-handbook.info/browse/stable/sect.building-first-package.html]
[debian-handbook.info/browse/stable/sect.setup-apt-package-repository.html]
[debian-handbook.info/browse/stable/sect.becoming-package-maintainer.html]
[debian-handbook.info/browse/stable/conclusion.html]
[debian-handbook.info/browse/stable/sect.future-of-debian.html]
[debian-handbook.info/browse/stable/sect.future-of-this-book.html]
[debian-handbook.info/browse/stable/derivative-distributions.html]
[debian-handbook.info/browse/stable/sect.ubuntu.html]
[debian-handbook.info/browse/stable/sect.linux-mint.html]
[debian-handbook.info/browse/stable/sect.knoppix.html]
[debian-handbook.info/browse/stable/sect.aptosid.html]
[debian-handbook.info/browse/stable/sect.grml.html]
[debian-handbook.info/browse/stable/sect.tails.html]
[debian-handbook.info/browse/stable/sect.kali.html]
[debian-handbook.info/browse/stable/sect.devuan.html]
[debian-handbook.info/browse/stable/sect.tanglu.html]
[debian-handbook.info/browse/stable/sect.doudoulinux.html]
[debian-handbook.info/browse/stable/sect.raspbian.html]
[debian-handbook.info/browse/stable/sect.other-derivatives.html]
[debian-handbook.info/browse/stable/short-remedial-course.html]
[debian-handbook.info/browse/stable/sect.filesystem-hierarchy.html]
[debian-handbook.info/browse/stable/sect.computer-layers.html]
[debian-handbook.info/browse/stable/sect.kernel-role-and-tasks.html]
[debian-handbook.info/browse/stable/sect.user-space.html]
[debian-handbook.info/browse/stable/images/selinux-transitions.png]
[debian-handbook.info/browse/stable/Common_Content/images/dot.png]
[debian-handbook.info/browse/stable/Common_Content/images/dot2.png]
[debian-handbook.info/browse/stable/Common_Content/images/warning.png]
[debian-handbook.info/browse/stable/Common_Content/images/note.png]
[debian-handbook.info/browse/stable/Common_Content/images/important.png]
[debian-handbook.info/browse/stable/Common_Content/images/red.png]
[debian-handbook.info/browse/stable/Common_Content/images/green.png]
[debian-handbook.info/browse/stable/Common_Content/images/yellow.png]
[debian-handbook.info/browse/stable/Common_Content/images/stock-go-forward.png]
[debian-handbook.info/browse/stable/Common_Content/images/stock-go-back.png]
[debian-handbook.info/browse/stable/Common_Content/images/stock-home.png]
[debian-handbook.info/browse/stable/Common_Content/images/stock-go-up.png]
[debian-handbook.info/browse/stable/Common_Content/images/shine.png]
[debian-handbook.info/browse/stable/Common_Content/images/watermark-draft.png]
[debian-handbook.info/browse/stable/Common_Content/css/common.css]
[debian-handbook.info/browse/stable/Common_Content/css/overrides.css]
[debian-handbook.info/browse/stable/Common_Content/css/lang.css]
